// Jest Snapshot v1, https://goo.gl/fbAQLP

exports[`1.0 ImplementationPage test suite 1.1 Mount ImplementationPage component 1`] = `
Array [
  <div
    className="cell-container"
  />,
  <div
    className="button-container"
  >
    <input
      max="0"
      min="0"
      onChange={[Function]}
      type="number"
      value="0"
    />
    <button
      onClick={[Function]}
    >
      Elevator
    </button>
  </div>,
]
`;

exports[`1.0 ImplementationPage test suite 1.2 Generate interface JSX 1`] = `
Array [
  <div
    id="0"
  >
    <div
      className="cell"
      id="e0f4"
    >
      F
      4
    </div>
    <div
      className="cell"
      id="e0f3"
    >
      F
      3
    </div>
    <div
      className="cell"
      id="e0f2"
    >
      F
      2
    </div>
    <div
      className="cell"
      id="e0f1"
    >
      F
      1
    </div>
    <div
      className="cell"
      id="e0f0"
    >
      F
      0
    </div>
  </div>,
  <div
    id="1"
  >
    <div
      className="cell"
      id="e1f4"
    >
      F
      4
    </div>
    <div
      className="cell"
      id="e1f3"
    >
      F
      3
    </div>
    <div
      className="cell"
      id="e1f2"
    >
      F
      2
    </div>
    <div
      className="cell"
      id="e1f1"
    >
      F
      1
    </div>
    <div
      className="cell"
      id="e1f0"
    >
      F
      0
    </div>
  </div>,
  <div
    id="2"
  >
    <div
      className="cell"
      id="e2f4"
    >
      F
      4
    </div>
    <div
      className="cell"
      id="e2f3"
    >
      F
      3
    </div>
    <div
      className="cell"
      id="e2f2"
    >
      F
      2
    </div>
    <div
      className="cell"
      id="e2f1"
    >
      F
      1
    </div>
    <div
      className="cell"
      id="e2f0"
    >
      F
      0
    </div>
  </div>,
  <div
    id="3"
  >
    <div
      className="cell"
      id="e3f4"
    >
      F
      4
    </div>
    <div
      className="cell"
      id="e3f3"
    >
      F
      3
    </div>
    <div
      className="cell"
      id="e3f2"
    >
      F
      2
    </div>
    <div
      className="cell"
      id="e3f1"
    >
      F
      1
    </div>
    <div
      className="cell"
      id="e3f0"
    >
      F
      0
    </div>
  </div>,
  <div
    id="4"
  >
    <div
      className="cell"
      id="e4f4"
    >
      F
      4
    </div>
    <div
      className="cell"
      id="e4f3"
    >
      F
      3
    </div>
    <div
      className="cell"
      id="e4f2"
    >
      F
      2
    </div>
    <div
      className="cell"
      id="e4f1"
    >
      F
      1
    </div>
    <div
      className="cell"
      id="e4f0"
    >
      F
      0
    </div>
  </div>,
  <div
    id="5"
  >
    <div
      className="cell"
      id="e5f4"
    >
      F
      4
    </div>
    <div
      className="cell"
      id="e5f3"
    >
      F
      3
    </div>
    <div
      className="cell"
      id="e5f2"
    >
      F
      2
    </div>
    <div
      className="cell"
      id="e5f1"
    >
      F
      1
    </div>
    <div
      className="cell"
      id="e5f0"
    >
      F
      0
    </div>
  </div>,
  <div
    id="6"
  >
    <div
      className="cell"
      id="e6f4"
    >
      F
      4
    </div>
    <div
      className="cell"
      id="e6f3"
    >
      F
      3
    </div>
    <div
      className="cell"
      id="e6f2"
    >
      F
      2
    </div>
    <div
      className="cell"
      id="e6f1"
    >
      F
      1
    </div>
    <div
      className="cell"
      id="e6f0"
    >
      F
      0
    </div>
  </div>,
  <div
    id="7"
  >
    <div
      className="cell"
      id="e7f4"
    >
      F
      4
    </div>
    <div
      className="cell"
      id="e7f3"
    >
      F
      3
    </div>
    <div
      className="cell"
      id="e7f2"
    >
      F
      2
    </div>
    <div
      className="cell"
      id="e7f1"
    >
      F
      1
    </div>
    <div
      className="cell"
      id="e7f0"
    >
      F
      0
    </div>
  </div>,
  <div
    id="8"
  >
    <div
      className="cell"
      id="e8f4"
    >
      F
      4
    </div>
    <div
      className="cell"
      id="e8f3"
    >
      F
      3
    </div>
    <div
      className="cell"
      id="e8f2"
    >
      F
      2
    </div>
    <div
      className="cell"
      id="e8f1"
    >
      F
      1
    </div>
    <div
      className="cell"
      id="e8f0"
    >
      F
      0
    </div>
  </div>,
  <div
    id="9"
  >
    <div
      className="cell"
      id="e9f4"
    >
      F
      4
    </div>
    <div
      className="cell"
      id="e9f3"
    >
      F
      3
    </div>
    <div
      className="cell"
      id="e9f2"
    >
      F
      2
    </div>
    <div
      className="cell"
      id="e9f1"
    >
      F
      1
    </div>
    <div
      className="cell"
      id="e9f0"
    >
      F
      0
    </div>
  </div>,
  <div
    id="10"
  >
    <div
      className="cell"
      id="e10f4"
    >
      F
      4
    </div>
    <div
      className="cell"
      id="e10f3"
    >
      F
      3
    </div>
    <div
      className="cell"
      id="e10f2"
    >
      F
      2
    </div>
    <div
      className="cell"
      id="e10f1"
    >
      F
      1
    </div>
    <div
      className="cell"
      id="e10f0"
    >
      F
      0
    </div>
  </div>,
  <div
    id="11"
  >
    <div
      className="cell"
      id="e11f4"
    >
      F
      4
    </div>
    <div
      className="cell"
      id="e11f3"
    >
      F
      3
    </div>
    <div
      className="cell"
      id="e11f2"
    >
      F
      2
    </div>
    <div
      className="cell"
      id="e11f1"
    >
      F
      1
    </div>
    <div
      className="cell"
      id="e11f0"
    >
      F
      0
    </div>
  </div>,
  <div
    id="12"
  >
    <div
      className="cell"
      id="e12f4"
    >
      F
      4
    </div>
    <div
      className="cell"
      id="e12f3"
    >
      F
      3
    </div>
    <div
      className="cell"
      id="e12f2"
    >
      F
      2
    </div>
    <div
      className="cell"
      id="e12f1"
    >
      F
      1
    </div>
    <div
      className="cell"
      id="e12f0"
    >
      F
      0
    </div>
  </div>,
  <div
    id="13"
  >
    <div
      className="cell"
      id="e13f4"
    >
      F
      4
    </div>
    <div
      className="cell"
      id="e13f3"
    >
      F
      3
    </div>
    <div
      className="cell"
      id="e13f2"
    >
      F
      2
    </div>
    <div
      className="cell"
      id="e13f1"
    >
      F
      1
    </div>
    <div
      className="cell"
      id="e13f0"
    >
      F
      0
    </div>
  </div>,
  <div
    id="14"
  >
    <div
      className="cell"
      id="e14f4"
    >
      F
      4
    </div>
    <div
      className="cell"
      id="e14f3"
    >
      F
      3
    </div>
    <div
      className="cell"
      id="e14f2"
    >
      F
      2
    </div>
    <div
      className="cell"
      id="e14f1"
    >
      F
      1
    </div>
    <div
      className="cell"
      id="e14f0"
    >
      F
      0
    </div>
  </div>,
  <div
    id="15"
  >
    <div
      className="cell"
      id="e15f4"
    >
      F
      4
    </div>
    <div
      className="cell"
      id="e15f3"
    >
      F
      3
    </div>
    <div
      className="cell"
      id="e15f2"
    >
      F
      2
    </div>
    <div
      className="cell"
      id="e15f1"
    >
      F
      1
    </div>
    <div
      className="cell"
      id="e15f0"
    >
      F
      0
    </div>
  </div>,
  <div
    id="16"
  >
    <div
      className="cell"
      id="e16f4"
    >
      F
      4
    </div>
    <div
      className="cell"
      id="e16f3"
    >
      F
      3
    </div>
    <div
      className="cell"
      id="e16f2"
    >
      F
      2
    </div>
    <div
      className="cell"
      id="e16f1"
    >
      F
      1
    </div>
    <div
      className="cell"
      id="e16f0"
    >
      F
      0
    </div>
  </div>,
  <div
    id="17"
  >
    <div
      className="cell"
      id="e17f4"
    >
      F
      4
    </div>
    <div
      className="cell"
      id="e17f3"
    >
      F
      3
    </div>
    <div
      className="cell"
      id="e17f2"
    >
      F
      2
    </div>
    <div
      className="cell"
      id="e17f1"
    >
      F
      1
    </div>
    <div
      className="cell"
      id="e17f0"
    >
      F
      0
    </div>
  </div>,
  <div
    id="18"
  >
    <div
      className="cell"
      id="e18f4"
    >
      F
      4
    </div>
    <div
      className="cell"
      id="e18f3"
    >
      F
      3
    </div>
    <div
      className="cell"
      id="e18f2"
    >
      F
      2
    </div>
    <div
      className="cell"
      id="e18f1"
    >
      F
      1
    </div>
    <div
      className="cell"
      id="e18f0"
    >
      F
      0
    </div>
  </div>,
  <div
    id="19"
  >
    <div
      className="cell"
      id="e19f4"
    >
      F
      4
    </div>
    <div
      className="cell"
      id="e19f3"
    >
      F
      3
    </div>
    <div
      className="cell"
      id="e19f2"
    >
      F
      2
    </div>
    <div
      className="cell"
      id="e19f1"
    >
      F
      1
    </div>
    <div
      className="cell"
      id="e19f0"
    >
      F
      0
    </div>
  </div>,
]
`;
